cpu0  0xf0000000 lw a0, 0(zero)          
cpu0  0xf0000004 lw a1, 4(zero)          
cpu0  0xf0000008 add a2, a0, a1              [ a2 = a0 + a1 ]
cpu0  0xf000000c sw a2, 8(zero)          
cpu0  0xf0000010 ehalt                   
<msim> Alert: EHALT: Machine halt

Cycles: 5
